Launching lib\main.dart on sdk gphone64 x86 64 in debug mode...
Running Gradle task 'assembleDebug'...                          
warning: [options] source value 8 is obsolete and will be removed in a future release
warning: [options] target value 8 is obsolete and will be removed in a future release
warning: [options] To suppress warnings about obsolete options, use -Xlint:-options.
Note: Some input files use or override a deprecated API.
Note: Recompile with -Xlint:deprecation for details.
3 warnings
Checking the license for package CMake 3.22.1 in C:\Users\Vansh Bhatia\AppData\Local\Android\Sdk\licenses
License for package CMake 3.22.1 accepted.
Preparing "Install CMake 3.22.1 v.3.22.1".
"Install CMake 3.22.1 v.3.22.1" ready.
Installing CMake 3.22.1 in C:\Users\Vansh Bhatia\AppData\Local\Android\Sdk\cmake\3.22.1
"Install CMake 3.22.1 v.3.22.1" complete.
"Install CMake 3.22.1 v.3.22.1" finished.
Running Gradle task 'assembleDebug'...                            262.4s
√ Built build\app\outputs\flutter-apk\app-debug.apk
cmd: Failure calling service activity: Broken pipe (32)
Installing build\app\outputs\flutter-apk\app-debug.apk...        1,034ms
Error: ADB exited with exit code 1
Performing Streamed Install

adb.exe: failed to install C:\Users\Vansh Bhatia\vote\smartmetroalert\build\app\outputs\flutter-apk\app-debug.apk: cmd: Failure calling service package: Broken pipe (32)
Error launching application on sdk gphone64 x86 64.
